0 verbose cli /usr/local/bin/node /usr/local/lib/node_modules/npm/bin/npm-cli.js
1 info using npm@10.9.4
2 info using node@v22.21.1
3 silly config load:file:/usr/local/lib/node_modules/npm/npmrc
4 silly config load:file:/app/.npmrc
5 silly config load:file:/home/softgen/.npmrc
6 silly config load:file:/usr/local/etc/npmrc
7 verbose title npm exec fix-react2shell-next --fix
8 verbose argv "exec" "--yes" "--" "fix-react2shell-next" "--fix"
9 verbose logfile logs-max:10 dir:/app/.npm-cache/_logs/2026-03-30T09_04_21_177Z-
10 verbose logfile /app/.npm-cache/_logs/2026-03-30T09_04_21_177Z-debug-0.log
11 silly logfile start cleaning logs, removing 1 files
12 silly logfile done cleaning log files
13 silly packumentCache heap:4345298944 maxSize:1086324736 maxEntrySize:543162368
14 http fetch GET 200 https://registry.npmjs.org/fix-react2shell-next 139ms (cache miss)
15 silly packumentCache heap:4345298944 maxSize:1086324736 maxEntrySize:543162368
16 silly packumentCache heap:4345298944 maxSize:1086324736 maxEntrySize:543162368
17 silly idealTree buildDeps
18 silly fetch manifest fix-react2shell-next@1.1.4
19 silly packumentCache full:https://registry.npmjs.org/fix-react2shell-next cache-miss
20 http fetch GET 200 https://registry.npmjs.org/fix-react2shell-next 96ms (cache miss)
21 silly packumentCache full:https://registry.npmjs.org/fix-react2shell-next set size:undefined disposed:false
22 silly placeDep ROOT fix-react2shell-next@1.1.4 OK for:  want: 1.1.4
23 silly reify moves {}
24 http cache fix-react2shell-next@https://registry.npmjs.org/fix-react2shell-next/-/fix-react2shell-next-1.1.4.tgz 0ms (cache hit)
25 silly tarball no local data for fix-react2shell-next@https://registry.npmjs.org/fix-react2shell-next/-/fix-react2shell-next-1.1.4.tgz. Extracting by manifest.
26 http fetch GET 200 https://registry.npmjs.org/fix-react2shell-next/-/fix-react2shell-next-1.1.4.tgz 29ms (cache miss)
27 verbose cwd /app
28 verbose os Linux 6.8.0-90-generic
29 verbose node v22.21.1
30 verbose npm  v10.9.4
31 verbose exit 0
32 info ok
