0 verbose cli /usr/local/bin/node /usr/local/lib/node_modules/npm/bin/npm-cli.js
1 info using npm@10.9.4
2 info using node@v22.21.1
3 silly config load:file:/usr/local/lib/node_modules/npm/npmrc
4 silly config load:file:/app/.npmrc
5 silly config load:file:/home/softgen/.npmrc
6 silly config load:file:/usr/local/etc/npmrc
7 verbose title npm exec stylelint **/*.css --allow-empty-input
8 verbose argv "exec" "--yes" "--" "stylelint" "**/*.css" "--allow-empty-input"
9 verbose logfile logs-max:10 dir:/app/.npm-cache/_logs/2026-02-10T22_32_48_509Z-
10 verbose logfile /app/.npm-cache/_logs/2026-02-10T22_32_48_509Z-debug-0.log
11 silly logfile start cleaning logs, removing 1 files
12 silly logfile done cleaning log files
13 silly packumentCache heap:4345298944 maxSize:1086324736 maxEntrySize:543162368
14 http fetch GET 200 https://registry.npmjs.org/stylelint 81ms (cache updated)
15 silly packumentCache heap:4345298944 maxSize:1086324736 maxEntrySize:543162368
16 silly packumentCache heap:4345298944 maxSize:1086324736 maxEntrySize:543162368
17 silly idealTree buildDeps
18 silly fetch manifest stylelint@17.2.0
19 silly packumentCache full:https://registry.npmjs.org/stylelint cache-miss
20 http fetch GET 200 https://registry.npmjs.org/stylelint 38ms (cache updated)
21 silly packumentCache full:https://registry.npmjs.org/stylelint set size:undefined disposed:false
22 silly placeDep ROOT stylelint@17.2.0 REPLACE for:  want: 17.2.0
23 silly fetch manifest @csstools/css-calc@^3.0.0
24 silly packumentCache full:https://registry.npmjs.org/@csstools%2fcss-calc cache-miss
25 http fetch GET 200 https://registry.npmjs.org/@csstools%2fcss-calc 131ms (cache miss)
26 silly packumentCache full:https://registry.npmjs.org/@csstools%2fcss-calc set size:undefined disposed:false
27 silly fetch manifest @csstools/css-parser-algorithms@^4.0.0
28 silly packumentCache full:https://registry.npmjs.org/@csstools%2fcss-parser-algorithms cache-miss
29 http fetch GET 200 https://registry.npmjs.org/@csstools%2fcss-parser-algorithms 41ms (cache revalidated)
30 silly packumentCache full:https://registry.npmjs.org/@csstools%2fcss-parser-algorithms set size:66140 disposed:false
31 silly fetch manifest @csstools/css-tokenizer@^4.0.0
32 silly packumentCache full:https://registry.npmjs.org/@csstools%2fcss-tokenizer cache-miss
33 http fetch GET 200 https://registry.npmjs.org/@csstools%2fcss-tokenizer 147ms (cache revalidated)
34 silly packumentCache full:https://registry.npmjs.org/@csstools%2fcss-tokenizer set size:61164 disposed:false
35 silly placeDep ROOT @csstools/css-calc@3.0.1 OK for: stylelint@17.2.0 want: ^3.0.0
36 silly reify mark retired [
36 silly reify   '/app/.npm-cache/_npx/69cd2ba96dd4b8d2/node_modules/stylelint',
36 silly reify   '/app/.npm-cache/_npx/69cd2ba96dd4b8d2/node_modules/.bin/stylelint'
36 silly reify ]
37 silly reify moves {
37 silly reify   '/app/.npm-cache/_npx/69cd2ba96dd4b8d2/node_modules/stylelint': '/app/.npm-cache/_npx/69cd2ba96dd4b8d2/node_modules/.stylelint-VxX0dSny',
37 silly reify   '/app/.npm-cache/_npx/69cd2ba96dd4b8d2/node_modules/.bin/stylelint': '/app/.npm-cache/_npx/69cd2ba96dd4b8d2/node_modules/.bin/.stylelint-s6AMJNr6'
37 silly reify }
38 http cache @csstools/css-calc@https://registry.npmjs.org/@csstools/css-calc/-/css-calc-3.0.1.tgz 0ms (cache hit)
39 http cache stylelint@https://registry.npmjs.org/stylelint/-/stylelint-17.2.0.tgz 0ms (cache hit)
40 silly tarball no local data for @csstools/css-calc@https://registry.npmjs.org/@csstools/css-calc/-/css-calc-3.0.1.tgz. Extracting by manifest.
41 silly tarball no local data for stylelint@https://registry.npmjs.org/stylelint/-/stylelint-17.2.0.tgz. Extracting by manifest.
42 http fetch GET 200 https://registry.npmjs.org/@csstools/css-calc/-/css-calc-3.0.1.tgz 67ms (cache miss)
43 http fetch GET 200 https://registry.npmjs.org/stylelint/-/stylelint-17.2.0.tgz 207ms (cache miss)
44 verbose cwd /app
45 verbose os Linux 6.8.0-90-generic
46 verbose node v22.21.1
47 verbose npm  v10.9.4
48 verbose exit 0
49 info ok
