0 verbose cli /usr/local/bin/node /usr/local/lib/node_modules/npm/bin/npm-cli.js
1 info using npm@10.9.4
2 info using node@v22.21.1
3 silly config load:file:/usr/local/lib/node_modules/npm/npmrc
4 silly config load:file:/app/.npmrc
5 silly config load:file:/home/softgen/.npmrc
6 silly config load:file:/usr/local/etc/npmrc
7 verbose title npm exec stylelint **/*.css --allow-empty-input
8 verbose argv "exec" "--yes" "--" "stylelint" "**/*.css" "--allow-empty-input"
9 verbose logfile logs-max:10 dir:/app/.npm-cache/_logs/2026-03-27T17_49_13_193Z-
10 verbose logfile /app/.npm-cache/_logs/2026-03-27T17_49_13_193Z-debug-0.log
11 silly logfile start cleaning logs, removing 1 files
12 silly logfile done cleaning log files
13 silly packumentCache heap:4345298944 maxSize:1086324736 maxEntrySize:543162368
14 http fetch GET 200 https://registry.npmjs.org/stylelint 175ms (cache updated)
15 silly packumentCache heap:4345298944 maxSize:1086324736 maxEntrySize:543162368
16 silly packumentCache heap:4345298944 maxSize:1086324736 maxEntrySize:543162368
17 silly idealTree buildDeps
18 silly fetch manifest stylelint@17.6.0
19 silly packumentCache full:https://registry.npmjs.org/stylelint cache-miss
20 http fetch GET 200 https://registry.npmjs.org/stylelint 102ms (cache updated)
21 silly packumentCache full:https://registry.npmjs.org/stylelint set size:undefined disposed:false
22 silly placeDep ROOT stylelint@17.6.0 REPLACE for:  want: 17.6.0
23 silly fetch manifest write-file-atomic@^7.0.1
24 silly packumentCache full:https://registry.npmjs.org/write-file-atomic cache-miss
25 http fetch GET 200 https://registry.npmjs.org/write-file-atomic 95ms (cache updated)
26 silly packumentCache full:https://registry.npmjs.org/write-file-atomic set size:undefined disposed:false
27 silly placeDep ROOT write-file-atomic@7.0.1 OK for: stylelint@17.6.0 want: ^7.0.1
28 silly fetch manifest signal-exit@^4.0.1
29 silly packumentCache full:https://registry.npmjs.org/signal-exit cache-miss
30 http fetch GET 200 https://registry.npmjs.org/signal-exit 97ms (cache revalidated)
31 silly packumentCache full:https://registry.npmjs.org/signal-exit set size:53489 disposed:false
32 silly placeDep ROOT signal-exit@4.1.0 OK for: write-file-atomic@7.0.1 want: ^4.0.1
33 silly reify mark retired [ '/app/.npm-cache/_npx/69cd2ba96dd4b8d2/node_modules/imurmurhash' ]
34 silly reify mark retired [
34 silly reify   '/app/.npm-cache/_npx/69cd2ba96dd4b8d2/node_modules/stylelint',
34 silly reify   '/app/.npm-cache/_npx/69cd2ba96dd4b8d2/node_modules/.bin/stylelint'
34 silly reify ]
35 silly reify mark retired [
35 silly reify   '/app/.npm-cache/_npx/69cd2ba96dd4b8d2/node_modules/write-file-atomic'
35 silly reify ]
36 silly reify moves {
36 silly reify   '/app/.npm-cache/_npx/69cd2ba96dd4b8d2/node_modules/imurmurhash': '/app/.npm-cache/_npx/69cd2ba96dd4b8d2/node_modules/.imurmurhash-shlZQVBg',
36 silly reify   '/app/.npm-cache/_npx/69cd2ba96dd4b8d2/node_modules/stylelint': '/app/.npm-cache/_npx/69cd2ba96dd4b8d2/node_modules/.stylelint-VxX0dSny',
36 silly reify   '/app/.npm-cache/_npx/69cd2ba96dd4b8d2/node_modules/.bin/stylelint': '/app/.npm-cache/_npx/69cd2ba96dd4b8d2/node_modules/.bin/.stylelint-s6AMJNr6',
36 silly reify   '/app/.npm-cache/_npx/69cd2ba96dd4b8d2/node_modules/write-file-atomic': '/app/.npm-cache/_npx/69cd2ba96dd4b8d2/node_modules/.write-file-atomic-4CePoXjH'
36 silly reify }
37 http cache write-file-atomic@https://registry.npmjs.org/write-file-atomic/-/write-file-atomic-7.0.1.tgz 0ms (cache hit)
38 http cache stylelint@https://registry.npmjs.org/stylelint/-/stylelint-17.6.0.tgz 0ms (cache hit)
39 silly tarball no local data for write-file-atomic@https://registry.npmjs.org/write-file-atomic/-/write-file-atomic-7.0.1.tgz. Extracting by manifest.
40 silly tarball no local data for stylelint@https://registry.npmjs.org/stylelint/-/stylelint-17.6.0.tgz. Extracting by manifest.
41 http fetch GET 200 https://registry.npmjs.org/write-file-atomic/-/write-file-atomic-7.0.1.tgz 216ms (cache miss)
42 http fetch GET 200 https://registry.npmjs.org/stylelint/-/stylelint-17.6.0.tgz 715ms (cache miss)
43 verbose cwd /app
44 verbose os Linux 6.8.0-90-generic
45 verbose node v22.21.1
46 verbose npm  v10.9.4
47 verbose exit 0
48 info ok
