0 verbose cli /usr/local/bin/node /usr/local/lib/node_modules/npm/bin/npm-cli.js
1 info using npm@10.9.4
2 info using node@v22.21.1
3 silly config load:file:/usr/local/lib/node_modules/npm/npmrc
4 silly config load:file:/app/.npmrc
5 silly config load:file:/home/softgen/.npmrc
6 silly config load:file:/usr/local/etc/npmrc
7 verbose title npm exec stylelint **/*.css --allow-empty-input
8 verbose argv "exec" "--yes" "--" "stylelint" "**/*.css" "--allow-empty-input"
9 verbose logfile logs-max:10 dir:/app/.npm-cache/_logs/2026-01-30T13_02_16_434Z-
10 verbose logfile /app/.npm-cache/_logs/2026-01-30T13_02_16_434Z-debug-0.log
11 silly logfile start cleaning logs, removing 1 files
12 silly logfile done cleaning log files
13 silly packumentCache heap:4345298944 maxSize:1086324736 maxEntrySize:543162368
14 http fetch GET 200 https://registry.npmjs.org/stylelint 77ms (cache updated)
15 silly packumentCache heap:4345298944 maxSize:1086324736 maxEntrySize:543162368
16 silly packumentCache heap:4345298944 maxSize:1086324736 maxEntrySize:543162368
17 silly idealTree buildDeps
18 silly fetch manifest stylelint@17.1.0
19 silly packumentCache full:https://registry.npmjs.org/stylelint cache-miss
20 http fetch GET 200 https://registry.npmjs.org/stylelint 29ms (cache updated)
21 silly packumentCache full:https://registry.npmjs.org/stylelint set size:undefined disposed:false
22 silly placeDep ROOT stylelint@17.1.0 REPLACE for:  want: 17.1.0
23 silly reify mark retired [
23 silly reify   '/app/.npm-cache/_npx/69cd2ba96dd4b8d2/node_modules/stylelint',
23 silly reify   '/app/.npm-cache/_npx/69cd2ba96dd4b8d2/node_modules/.bin/stylelint'
23 silly reify ]
24 silly reify moves {
24 silly reify   '/app/.npm-cache/_npx/69cd2ba96dd4b8d2/node_modules/stylelint': '/app/.npm-cache/_npx/69cd2ba96dd4b8d2/node_modules/.stylelint-VxX0dSny',
24 silly reify   '/app/.npm-cache/_npx/69cd2ba96dd4b8d2/node_modules/.bin/stylelint': '/app/.npm-cache/_npx/69cd2ba96dd4b8d2/node_modules/.bin/.stylelint-s6AMJNr6'
24 silly reify }
25 http cache stylelint@https://registry.npmjs.org/stylelint/-/stylelint-17.1.0.tgz 1ms (cache hit)
26 silly tarball no local data for stylelint@https://registry.npmjs.org/stylelint/-/stylelint-17.1.0.tgz. Extracting by manifest.
27 http fetch GET 200 https://registry.npmjs.org/stylelint/-/stylelint-17.1.0.tgz 97ms (cache miss)
28 verbose cwd /app
29 verbose os Linux 6.8.0-90-generic
30 verbose node v22.21.1
31 verbose npm  v10.9.4
32 verbose exit 0
33 info ok
