0 verbose cli /usr/local/bin/node /usr/local/bin/npm
1 info using npm@10.9.4
2 info using node@v22.21.1
0 verbose cli /usr/local/bin/node /usr/local/lib/node_modules/npm/bin/npm-cli.js
3 silly config load:file:/usr/local/lib/node_modules/npm/npmrc
4 silly config load:file:/app/.npmrc
5 silly config load:file:/home/softgen/.npmrc
6 silly config load:file:/usr/local/etc/npmrc
7 verbose title npm run lint --quiet --fix
1 info using npm@10.9.4
2 info using node@v22.21.1
8 verbose argv "run" "lint" "--" "--quiet" "--fix"
3 silly config load:file:/usr/local/lib/node_modules/npm/npmrc
4 silly config load:file:/app/.npmrc
5 silly config load:file:/home/softgen/.npmrc
6 silly config load:file:/usr/local/etc/npmrc
9 verbose logfile logs-max:10 dir:/app/.npm-cache/_logs/2026-02-26T18_44_21_504Z-
10 verbose logfile /app/.npm-cache/_logs/2026-02-26T18_44_21_504Z-debug-0.log
7 verbose title npm exec stylelint **/*.css --allow-empty-input
8 verbose argv "exec" "--yes" "--" "stylelint" "**/*.css" "--allow-empty-input"
9 verbose logfile logs-max:10 dir:/app/.npm-cache/_logs/2026-02-26T18_44_21_504Z-
10 verbose logfile /app/.npm-cache/_logs/2026-02-26T18_44_21_504Z-debug-0.log
11 silly logfile start cleaning logs, removing 2 files
12 silly logfile done cleaning log files
11 silly logfile start cleaning logs, removing 2 files
12 silly logfile done cleaning log files
13 silly packumentCache heap:4345298944 maxSize:1086324736 maxEntrySize:543162368
14 http fetch GET 200 https://registry.npmjs.org/stylelint 172ms (cache revalidated)
15 silly packumentCache heap:4345298944 maxSize:1086324736 maxEntrySize:543162368
16 silly packumentCache heap:4345298944 maxSize:1086324736 maxEntrySize:543162368
17 verbose cwd /app
18 verbose os Linux 6.8.0-90-generic
19 verbose node v22.21.1
20 verbose npm  v10.9.4
21 verbose exit 0
22 info ok
13 verbose cwd /app
14 verbose os Linux 6.8.0-90-generic
15 verbose node v22.21.1
16 verbose npm  v10.9.4
17 verbose exit 0
18 info ok
