0 verbose cli /usr/local/bin/node /usr/local/lib/node_modules/npm/bin/npm-cli.js
1 info using npm@10.9.4
2 info using node@v22.21.1
3 silly config load:file:/usr/local/lib/node_modules/npm/npmrc
4 silly config load:file:/app/.npmrc
5 silly config load:file:/home/softgen/.npmrc
6 silly config load:file:/usr/local/etc/npmrc
7 verbose title npm exec supabase login --token sbp_oauth_6db28fcdbfaf5f656638d723462e8f91b3838d35
8 verbose argv "exec" "--" "supabase" "login" "--token" "sbp_oauth_6db28fcdbfaf5f656638d723462e8f91b3838d35"
9 verbose logfile logs-max:10 dir:/app/.npm-cache/_logs/2026-02-18T16_39_52_943Z-
10 verbose logfile /app/.npm-cache/_logs/2026-02-18T16_39_52_943Z-debug-0.log
11 silly logfile start cleaning logs, removing 1 files
12 silly logfile done cleaning log files
13 silly packumentCache heap:4345298944 maxSize:1086324736 maxEntrySize:543162368
14 http fetch GET 200 https://registry.npmjs.org/supabase 85ms (cache updated)
15 silly packumentCache heap:4345298944 maxSize:1086324736 maxEntrySize:543162368
16 silly packumentCache heap:4345298944 maxSize:1086324736 maxEntrySize:543162368
17 warn exec The following package was not found and will be installed: supabase@2.76.10
18 silly idealTree buildDeps
19 silly fetch manifest supabase@2.76.10
20 silly packumentCache full:https://registry.npmjs.org/supabase cache-miss
21 http fetch GET 200 https://registry.npmjs.org/supabase 47ms (cache updated)
22 silly packumentCache full:https://registry.npmjs.org/supabase set size:undefined disposed:false
23 silly placeDep ROOT supabase@2.76.10 REPLACE for:  want: 2.76.10
24 silly fetch manifest tar@7.5.9
25 silly packumentCache full:https://registry.npmjs.org/tar cache-miss
26 http fetch GET 200 https://registry.npmjs.org/tar 27ms (cache updated)
27 silly packumentCache full:https://registry.npmjs.org/tar set size:undefined disposed:false
28 silly placeDep ROOT tar@7.5.9 OK for: supabase@2.76.10 want: 7.5.9
29 silly fetch manifest @isaacs/fs-minipass@^4.0.0
30 silly packumentCache full:https://registry.npmjs.org/@isaacs%2ffs-minipass cache-miss
31 http fetch GET 200 https://registry.npmjs.org/@isaacs%2ffs-minipass 40ms (cache revalidated)
32 silly packumentCache full:https://registry.npmjs.org/@isaacs%2ffs-minipass set size:7912 disposed:false
33 silly fetch manifest chownr@^3.0.0
34 silly packumentCache full:https://registry.npmjs.org/chownr cache-miss
35 http fetch GET 200 https://registry.npmjs.org/chownr 22ms (cache revalidated)
36 silly packumentCache full:https://registry.npmjs.org/chownr set size:22157 disposed:false
37 silly fetch manifest minipass@^7.1.2
38 silly packumentCache full:https://registry.npmjs.org/minipass cache-miss
39 http fetch GET 200 https://registry.npmjs.org/minipass 25ms (cache revalidated)
40 silly packumentCache full:https://registry.npmjs.org/minipass set size:490195 disposed:false
41 silly fetch manifest minizlib@^3.1.0
42 silly packumentCache full:https://registry.npmjs.org/minizlib cache-miss
43 http fetch GET 200 https://registry.npmjs.org/minizlib 25ms (cache revalidated)
44 silly packumentCache full:https://registry.npmjs.org/minizlib set size:62862 disposed:false
45 silly fetch manifest yallist@^5.0.0
46 silly packumentCache full:https://registry.npmjs.org/yallist cache-miss
47 http fetch GET 200 https://registry.npmjs.org/yallist 42ms (cache revalidated)
48 silly packumentCache full:https://registry.npmjs.org/yallist set size:34610 disposed:false
49 silly placeDep ROOT @isaacs/fs-minipass@4.0.1 OK for: tar@7.5.9 want: ^4.0.0
50 silly placeDep ROOT chownr@3.0.0 OK for: tar@7.5.9 want: ^3.0.0
51 silly placeDep ROOT minipass@7.1.2 OK for: tar@7.5.9 want: ^7.1.2
52 silly placeDep ROOT minizlib@3.1.0 OK for: tar@7.5.9 want: ^3.1.0
53 silly placeDep ROOT yallist@5.0.0 OK for: tar@7.5.9 want: ^5.0.0
54 silly fetch manifest minipass@^7.0.4
55 silly packumentCache full:https://registry.npmjs.org/minipass cache-hit
56 silly reify mark retired [
56 silly reify   '/app/.npm-cache/_npx/aa8e5c70f9d8d161/node_modules/supabase',
56 silly reify   '/app/.npm-cache/_npx/aa8e5c70f9d8d161/node_modules/.bin/supabase'
56 silly reify ]
57 silly reify mark retired [ '/app/.npm-cache/_npx/aa8e5c70f9d8d161/node_modules/tar' ]
58 silly reify moves {
58 silly reify   '/app/.npm-cache/_npx/aa8e5c70f9d8d161/node_modules/supabase': '/app/.npm-cache/_npx/aa8e5c70f9d8d161/node_modules/.supabase-GCPgKdWY',
58 silly reify   '/app/.npm-cache/_npx/aa8e5c70f9d8d161/node_modules/.bin/supabase': '/app/.npm-cache/_npx/aa8e5c70f9d8d161/node_modules/.bin/.supabase-Hzu8F54w',
58 silly reify   '/app/.npm-cache/_npx/aa8e5c70f9d8d161/node_modules/tar': '/app/.npm-cache/_npx/aa8e5c70f9d8d161/node_modules/.tar-HhLffK39'
58 silly reify }
59 http cache tar@https://registry.npmjs.org/tar/-/tar-7.5.9.tgz 0ms (cache hit)
60 http cache supabase@https://registry.npmjs.org/supabase/-/supabase-2.76.10.tgz 0ms (cache hit)
61 silly tarball no local data for tar@https://registry.npmjs.org/tar/-/tar-7.5.9.tgz. Extracting by manifest.
62 silly tarball no local data for supabase@https://registry.npmjs.org/supabase/-/supabase-2.76.10.tgz. Extracting by manifest.
63 http fetch GET 200 https://registry.npmjs.org/supabase/-/supabase-2.76.10.tgz 62ms (cache miss)
64 http fetch GET 200 https://registry.npmjs.org/tar/-/tar-7.5.9.tgz 127ms (cache miss)
65 info run supabase@2.76.10 postinstall node_modules/supabase node scripts/postinstall.js
66 info run supabase@2.76.10 postinstall { code: 0, signal: null }
67 verbose cwd /app
68 verbose os Linux 6.8.0-90-generic
69 verbose node v22.21.1
70 verbose npm  v10.9.4
71 verbose exit 0
72 info ok
