0 verbose cli /usr/local/bin/node /usr/local/lib/node_modules/npm/bin/npm-cli.js
1 info using npm@10.9.4
2 info using node@v22.21.1
3 silly config load:file:/usr/local/lib/node_modules/npm/npmrc
4 silly config load:file:/app/.npmrc
5 silly config load:file:/home/softgen/.npmrc
6 silly config load:file:/usr/local/etc/npmrc
7 verbose title npm exec stylelint **/*.css --allow-empty-input
8 verbose argv "exec" "--yes" "--" "stylelint" "**/*.css" "--allow-empty-input"
9 verbose logfile logs-max:10 dir:/app/.npm-cache/_logs/2026-02-13T13_24_17_482Z-
10 verbose logfile /app/.npm-cache/_logs/2026-02-13T13_24_17_482Z-debug-0.log
11 silly logfile start cleaning logs, removing 1 files
12 silly logfile done cleaning log files
13 silly packumentCache heap:4345298944 maxSize:1086324736 maxEntrySize:543162368
14 http fetch GET 200 https://registry.npmjs.org/stylelint 82ms (cache updated)
15 silly packumentCache heap:4345298944 maxSize:1086324736 maxEntrySize:543162368
16 silly packumentCache heap:4345298944 maxSize:1086324736 maxEntrySize:543162368
17 silly idealTree buildDeps
18 silly fetch manifest stylelint@17.3.0
19 silly packumentCache full:https://registry.npmjs.org/stylelint cache-miss
20 http fetch GET 200 https://registry.npmjs.org/stylelint 35ms (cache updated)
21 silly packumentCache full:https://registry.npmjs.org/stylelint set size:undefined disposed:false
22 silly placeDep ROOT stylelint@17.3.0 REPLACE for:  want: 17.3.0
23 silly fetch manifest @csstools/css-calc@^3.1.1
24 silly packumentCache full:https://registry.npmjs.org/@csstools%2fcss-calc cache-miss
25 http fetch GET 200 https://registry.npmjs.org/@csstools%2fcss-calc 136ms (cache updated)
26 silly packumentCache full:https://registry.npmjs.org/@csstools%2fcss-calc set size:undefined disposed:false
27 silly fetch manifest string-width@^8.1.1
28 silly packumentCache full:https://registry.npmjs.org/string-width cache-miss
29 http fetch GET 200 https://registry.npmjs.org/string-width 28ms (cache updated)
30 silly packumentCache full:https://registry.npmjs.org/string-width set size:undefined disposed:false
31 silly fetch manifest @csstools/css-parser-algorithms@^4.0.0
32 silly packumentCache full:https://registry.npmjs.org/@csstools%2fcss-parser-algorithms cache-miss
33 http fetch GET 200 https://registry.npmjs.org/@csstools%2fcss-parser-algorithms 40ms (cache revalidated)
34 silly packumentCache full:https://registry.npmjs.org/@csstools%2fcss-parser-algorithms set size:66140 disposed:false
35 silly fetch manifest @csstools/css-tokenizer@^4.0.0
36 silly packumentCache full:https://registry.npmjs.org/@csstools%2fcss-tokenizer cache-miss
37 http fetch GET 200 https://registry.npmjs.org/@csstools%2fcss-tokenizer 42ms (cache revalidated)
38 silly packumentCache full:https://registry.npmjs.org/@csstools%2fcss-tokenizer set size:61164 disposed:false
39 silly placeDep ROOT @csstools/css-calc@3.1.1 OK for: stylelint@17.3.0 want: ^3.1.1
40 silly placeDep ROOT string-width@8.1.1 OK for: stylelint@17.3.0 want: ^8.1.1
41 silly fetch manifest get-east-asian-width@^1.3.0
42 silly packumentCache full:https://registry.npmjs.org/get-east-asian-width cache-miss
43 http fetch GET 200 https://registry.npmjs.org/get-east-asian-width 27ms (cache revalidated)
44 silly packumentCache full:https://registry.npmjs.org/get-east-asian-width set size:16137 disposed:false
45 silly fetch manifest strip-ansi@^7.1.0
46 silly packumentCache full:https://registry.npmjs.org/strip-ansi cache-miss
47 http fetch GET 200 https://registry.npmjs.org/strip-ansi 26ms (cache revalidated)
48 silly packumentCache full:https://registry.npmjs.org/strip-ansi set size:41855 disposed:false
49 silly placeDep ROOT get-east-asian-width@1.4.0 OK for: string-width@8.1.1 want: ^1.3.0
50 silly placeDep ROOT strip-ansi@7.1.2 OK for: string-width@8.1.1 want: ^7.1.0
51 silly fetch manifest ansi-regex@^6.0.1
52 silly packumentCache full:https://registry.npmjs.org/ansi-regex cache-miss
53 http fetch GET 200 https://registry.npmjs.org/ansi-regex 20ms (cache revalidated)
54 silly packumentCache full:https://registry.npmjs.org/ansi-regex set size:43572 disposed:false
55 silly placeDep ROOT ansi-regex@6.2.2 OK for: strip-ansi@7.1.2 want: ^6.0.1
56 silly reify mark retired [
56 silly reify   '/app/.npm-cache/_npx/69cd2ba96dd4b8d2/node_modules/@csstools/css-calc'
56 silly reify ]
57 silly reify mark retired [ '/app/.npm-cache/_npx/69cd2ba96dd4b8d2/node_modules/string-width' ]
58 silly reify mark retired [
58 silly reify   '/app/.npm-cache/_npx/69cd2ba96dd4b8d2/node_modules/stylelint',
58 silly reify   '/app/.npm-cache/_npx/69cd2ba96dd4b8d2/node_modules/.bin/stylelint'
58 silly reify ]
59 silly reify moves {
59 silly reify   '/app/.npm-cache/_npx/69cd2ba96dd4b8d2/node_modules/@csstools/css-calc': '/app/.npm-cache/_npx/69cd2ba96dd4b8d2/node_modules/@csstools/.css-calc-k4sontPo',
59 silly reify   '/app/.npm-cache/_npx/69cd2ba96dd4b8d2/node_modules/string-width': '/app/.npm-cache/_npx/69cd2ba96dd4b8d2/node_modules/.string-width-yZNo4Ley',
59 silly reify   '/app/.npm-cache/_npx/69cd2ba96dd4b8d2/node_modules/stylelint': '/app/.npm-cache/_npx/69cd2ba96dd4b8d2/node_modules/.stylelint-VxX0dSny',
59 silly reify   '/app/.npm-cache/_npx/69cd2ba96dd4b8d2/node_modules/.bin/stylelint': '/app/.npm-cache/_npx/69cd2ba96dd4b8d2/node_modules/.bin/.stylelint-s6AMJNr6'
59 silly reify }
60 http cache stylelint@https://registry.npmjs.org/stylelint/-/stylelint-17.3.0.tgz 0ms (cache hit)
61 http cache string-width@https://registry.npmjs.org/string-width/-/string-width-8.1.1.tgz 0ms (cache hit)
62 http cache @csstools/css-calc@https://registry.npmjs.org/@csstools/css-calc/-/css-calc-3.1.1.tgz 0ms (cache hit)
63 silly tarball no local data for stylelint@https://registry.npmjs.org/stylelint/-/stylelint-17.3.0.tgz. Extracting by manifest.
64 silly tarball no local data for string-width@https://registry.npmjs.org/string-width/-/string-width-8.1.1.tgz. Extracting by manifest.
65 silly tarball no local data for @csstools/css-calc@https://registry.npmjs.org/@csstools/css-calc/-/css-calc-3.1.1.tgz. Extracting by manifest.
66 http fetch GET 200 https://registry.npmjs.org/string-width/-/string-width-8.1.1.tgz 39ms (cache miss)
67 http fetch GET 200 https://registry.npmjs.org/@csstools/css-calc/-/css-calc-3.1.1.tgz 59ms (cache miss)
68 http fetch GET 200 https://registry.npmjs.org/stylelint/-/stylelint-17.3.0.tgz 149ms (cache miss)
69 verbose cwd /app
70 verbose os Linux 6.8.0-90-generic
71 verbose node v22.21.1
72 verbose npm  v10.9.4
73 verbose exit 0
74 info ok
