0 verbose cli /usr/local/bin/node /usr/local/lib/node_modules/npm/bin/npm-cli.js
1 info using npm@10.9.4
2 info using node@v22.21.1
3 silly config load:file:/usr/local/lib/node_modules/npm/npmrc
4 silly config load:file:/app/.npmrc
5 silly config load:file:/home/softgen/.npmrc
6 silly config load:file:/usr/local/etc/npmrc
7 verbose title npm exec stylelint **/*.css --allow-empty-input
8 verbose argv "exec" "--yes" "--" "stylelint" "**/*.css" "--allow-empty-input"
9 verbose logfile logs-max:10 dir:/app/.npm-cache/_logs/2026-02-25T15_18_55_252Z-
10 verbose logfile /app/.npm-cache/_logs/2026-02-25T15_18_55_252Z-debug-0.log
11 silly logfile start cleaning logs, removing 1 files
12 silly logfile done cleaning log files
13 silly packumentCache heap:4345298944 maxSize:1086324736 maxEntrySize:543162368
14 http fetch GET 200 https://registry.npmjs.org/stylelint 209ms (cache updated)
15 silly packumentCache heap:4345298944 maxSize:1086324736 maxEntrySize:543162368
16 silly packumentCache heap:4345298944 maxSize:1086324736 maxEntrySize:543162368
17 silly idealTree buildDeps
18 silly fetch manifest stylelint@17.4.0
19 silly packumentCache full:https://registry.npmjs.org/stylelint cache-miss
20 http fetch GET 200 https://registry.npmjs.org/stylelint 173ms (cache updated)
21 silly packumentCache full:https://registry.npmjs.org/stylelint set size:undefined disposed:false
22 silly placeDep ROOT stylelint@17.4.0 REPLACE for:  want: 17.4.0
23 silly fetch manifest @csstools/css-syntax-patches-for-csstree@^1.0.27
24 silly packumentCache full:https://registry.npmjs.org/@csstools%2fcss-syntax-patches-for-csstree cache-miss
25 http fetch GET 200 https://registry.npmjs.org/@csstools%2fcss-syntax-patches-for-csstree 97ms (cache updated)
26 silly packumentCache full:https://registry.npmjs.org/@csstools%2fcss-syntax-patches-for-csstree set size:undefined disposed:false
27 silly fetch manifest css-functions-list@^3.3.3
28 silly packumentCache full:https://registry.npmjs.org/css-functions-list cache-miss
29 http fetch GET 200 https://registry.npmjs.org/css-functions-list 29ms (cache updated)
30 silly packumentCache full:https://registry.npmjs.org/css-functions-list set size:undefined disposed:false
31 silly placeDep ROOT @csstools/css-syntax-patches-for-csstree@1.0.28 OK for: stylelint@17.4.0 want: ^1.0.27
32 silly placeDep ROOT css-functions-list@3.3.3 OK for: stylelint@17.4.0 want: ^3.3.3
33 silly reify mark retired [
33 silly reify   '/app/.npm-cache/_npx/69cd2ba96dd4b8d2/node_modules/@csstools/css-syntax-patches-for-csstree'
33 silly reify ]
34 silly reify mark retired [ '/app/.npm-cache/_npx/69cd2ba96dd4b8d2/node_modules/balanced-match' ]
35 silly reify mark retired [
35 silly reify   '/app/.npm-cache/_npx/69cd2ba96dd4b8d2/node_modules/css-functions-list'
35 silly reify ]
36 silly reify mark retired [
36 silly reify   '/app/.npm-cache/_npx/69cd2ba96dd4b8d2/node_modules/known-css-properties'
36 silly reify ]
37 silly reify mark retired [
37 silly reify   '/app/.npm-cache/_npx/69cd2ba96dd4b8d2/node_modules/stylelint',
37 silly reify   '/app/.npm-cache/_npx/69cd2ba96dd4b8d2/node_modules/.bin/stylelint'
37 silly reify ]
38 silly reify moves {
38 silly reify   '/app/.npm-cache/_npx/69cd2ba96dd4b8d2/node_modules/@csstools/css-syntax-patches-for-csstree': '/app/.npm-cache/_npx/69cd2ba96dd4b8d2/node_modules/@csstools/.css-syntax-patches-for-csstree-JXBzXfBM',
38 silly reify   '/app/.npm-cache/_npx/69cd2ba96dd4b8d2/node_modules/balanced-match': '/app/.npm-cache/_npx/69cd2ba96dd4b8d2/node_modules/.balanced-match-5bZOm5PJ',
38 silly reify   '/app/.npm-cache/_npx/69cd2ba96dd4b8d2/node_modules/css-functions-list': '/app/.npm-cache/_npx/69cd2ba96dd4b8d2/node_modules/.css-functions-list-IN4hFLDY',
38 silly reify   '/app/.npm-cache/_npx/69cd2ba96dd4b8d2/node_modules/known-css-properties': '/app/.npm-cache/_npx/69cd2ba96dd4b8d2/node_modules/.known-css-properties-X0SEgyYy',
38 silly reify   '/app/.npm-cache/_npx/69cd2ba96dd4b8d2/node_modules/stylelint': '/app/.npm-cache/_npx/69cd2ba96dd4b8d2/node_modules/.stylelint-VxX0dSny',
38 silly reify   '/app/.npm-cache/_npx/69cd2ba96dd4b8d2/node_modules/.bin/stylelint': '/app/.npm-cache/_npx/69cd2ba96dd4b8d2/node_modules/.bin/.stylelint-s6AMJNr6'
38 silly reify }
39 http cache stylelint@https://registry.npmjs.org/stylelint/-/stylelint-17.4.0.tgz 0ms (cache hit)
40 http cache css-functions-list@https://registry.npmjs.org/css-functions-list/-/css-functions-list-3.3.3.tgz 0ms (cache hit)
41 http cache @csstools/css-syntax-patches-for-csstree@https://registry.npmjs.org/@csstools/css-syntax-patches-for-csstree/-/css-syntax-patches-for-csstree-1.0.28.tgz 0ms (cache hit)
42 silly tarball no local data for stylelint@https://registry.npmjs.org/stylelint/-/stylelint-17.4.0.tgz. Extracting by manifest.
43 silly tarball no local data for css-functions-list@https://registry.npmjs.org/css-functions-list/-/css-functions-list-3.3.3.tgz. Extracting by manifest.
44 silly tarball no local data for @csstools/css-syntax-patches-for-csstree@https://registry.npmjs.org/@csstools/css-syntax-patches-for-csstree/-/css-syntax-patches-for-csstree-1.0.28.tgz. Extracting by manifest.
45 http fetch GET 200 https://registry.npmjs.org/css-functions-list/-/css-functions-list-3.3.3.tgz 189ms (cache miss)
46 http fetch GET 200 https://registry.npmjs.org/@csstools/css-syntax-patches-for-csstree/-/css-syntax-patches-for-csstree-1.0.28.tgz 286ms (cache miss)
47 http fetch GET 200 https://registry.npmjs.org/stylelint/-/stylelint-17.4.0.tgz 403ms (cache miss)
48 verbose cwd /app
49 verbose os Linux 6.8.0-90-generic
50 verbose node v22.21.1
51 verbose npm  v10.9.4
52 verbose exit 0
53 info ok
