0 verbose cli /usr/local/bin/node /usr/local/lib/node_modules/npm/bin/npm-cli.js
1 info using npm@10.9.4
2 info using node@v22.21.1
3 silly config load:file:/usr/local/lib/node_modules/npm/npmrc
4 silly config load:file:/app/.npmrc
5 silly config load:file:/home/softgen/.npmrc
6 silly config load:file:/usr/local/etc/npmrc
7 verbose title npm exec supabase login --token sbp_oauth_ade900ea6da5babd4f5d0dfb8219bb8b36874b75
8 verbose argv "exec" "--" "supabase" "login" "--token" "sbp_oauth_ade900ea6da5babd4f5d0dfb8219bb8b36874b75"
9 verbose logfile logs-max:10 dir:/app/.npm-cache/_logs/2026-03-06T05_39_09_639Z-
10 verbose logfile /app/.npm-cache/_logs/2026-03-06T05_39_09_639Z-debug-0.log
11 silly logfile start cleaning logs, removing 1 files
12 silly logfile done cleaning log files
13 silly packumentCache heap:4345298944 maxSize:1086324736 maxEntrySize:543162368
14 http fetch GET 200 https://registry.npmjs.org/supabase 88ms (cache updated)
15 silly packumentCache heap:4345298944 maxSize:1086324736 maxEntrySize:543162368
16 silly packumentCache heap:4345298944 maxSize:1086324736 maxEntrySize:543162368
17 warn exec The following package was not found and will be installed: supabase@2.76.17
18 silly idealTree buildDeps
19 silly fetch manifest supabase@2.76.17
20 silly packumentCache full:https://registry.npmjs.org/supabase cache-miss
21 http fetch GET 200 https://registry.npmjs.org/supabase 67ms (cache updated)
22 silly packumentCache full:https://registry.npmjs.org/supabase set size:undefined disposed:false
23 silly placeDep ROOT supabase@2.76.17 REPLACE for:  want: 2.76.17
24 silly fetch manifest tar@7.5.10
25 silly packumentCache full:https://registry.npmjs.org/tar cache-miss
26 http fetch GET 200 https://registry.npmjs.org/tar 29ms (cache updated)
27 silly packumentCache full:https://registry.npmjs.org/tar set size:undefined disposed:false
28 silly placeDep ROOT tar@7.5.10 OK for: supabase@2.76.17 want: 7.5.10
29 silly fetch manifest @isaacs/fs-minipass@^4.0.0
30 silly packumentCache full:https://registry.npmjs.org/@isaacs%2ffs-minipass cache-miss
31 http fetch GET 200 https://registry.npmjs.org/@isaacs%2ffs-minipass 34ms (cache revalidated)
32 silly packumentCache full:https://registry.npmjs.org/@isaacs%2ffs-minipass set size:7912 disposed:false
33 silly fetch manifest chownr@^3.0.0
34 silly packumentCache full:https://registry.npmjs.org/chownr cache-miss
35 http fetch GET 200 https://registry.npmjs.org/chownr 23ms (cache revalidated)
36 silly packumentCache full:https://registry.npmjs.org/chownr set size:22157 disposed:false
37 silly fetch manifest minipass@^7.1.2
38 silly packumentCache full:https://registry.npmjs.org/minipass cache-miss
39 http fetch GET 200 https://registry.npmjs.org/minipass 29ms (cache updated)
40 silly packumentCache full:https://registry.npmjs.org/minipass set size:undefined disposed:false
41 silly fetch manifest minizlib@^3.1.0
42 silly packumentCache full:https://registry.npmjs.org/minizlib cache-miss
43 http fetch GET 200 https://registry.npmjs.org/minizlib 24ms (cache revalidated)
44 silly packumentCache full:https://registry.npmjs.org/minizlib set size:62862 disposed:false
45 silly fetch manifest yallist@^5.0.0
46 silly packumentCache full:https://registry.npmjs.org/yallist cache-miss
47 http fetch GET 200 https://registry.npmjs.org/yallist 21ms (cache revalidated)
48 silly packumentCache full:https://registry.npmjs.org/yallist set size:34610 disposed:false
49 silly placeDep ROOT @isaacs/fs-minipass@4.0.1 OK for: tar@7.5.10 want: ^4.0.0
50 silly placeDep ROOT chownr@3.0.0 OK for: tar@7.5.10 want: ^3.0.0
51 silly placeDep ROOT minipass@7.1.3 OK for: tar@7.5.10 want: ^7.1.2
52 silly placeDep ROOT minizlib@3.1.0 OK for: tar@7.5.10 want: ^3.1.0
53 silly placeDep ROOT yallist@5.0.0 OK for: tar@7.5.10 want: ^5.0.0
54 silly fetch manifest minipass@^7.0.4
55 silly packumentCache full:https://registry.npmjs.org/minipass cache-miss
56 http cache https://registry.npmjs.org/minipass 5ms (cache hit)
57 silly packumentCache full:https://registry.npmjs.org/minipass set size:276925 disposed:false
58 silly reify mark retired [ '/app/.npm-cache/_npx/aa8e5c70f9d8d161/node_modules/minipass' ]
59 silly reify mark retired [
59 silly reify   '/app/.npm-cache/_npx/aa8e5c70f9d8d161/node_modules/supabase',
59 silly reify   '/app/.npm-cache/_npx/aa8e5c70f9d8d161/node_modules/.bin/supabase'
59 silly reify ]
60 silly reify mark retired [ '/app/.npm-cache/_npx/aa8e5c70f9d8d161/node_modules/tar' ]
61 silly reify moves {
61 silly reify   '/app/.npm-cache/_npx/aa8e5c70f9d8d161/node_modules/minipass': '/app/.npm-cache/_npx/aa8e5c70f9d8d161/node_modules/.minipass-s39tgPRk',
61 silly reify   '/app/.npm-cache/_npx/aa8e5c70f9d8d161/node_modules/supabase': '/app/.npm-cache/_npx/aa8e5c70f9d8d161/node_modules/.supabase-GCPgKdWY',
61 silly reify   '/app/.npm-cache/_npx/aa8e5c70f9d8d161/node_modules/.bin/supabase': '/app/.npm-cache/_npx/aa8e5c70f9d8d161/node_modules/.bin/.supabase-Hzu8F54w',
61 silly reify   '/app/.npm-cache/_npx/aa8e5c70f9d8d161/node_modules/tar': '/app/.npm-cache/_npx/aa8e5c70f9d8d161/node_modules/.tar-HhLffK39'
61 silly reify }
62 http cache tar@https://registry.npmjs.org/tar/-/tar-7.5.10.tgz 0ms (cache hit)
63 http cache supabase@https://registry.npmjs.org/supabase/-/supabase-2.76.17.tgz 0ms (cache hit)
64 http cache minipass@https://registry.npmjs.org/minipass/-/minipass-7.1.3.tgz 0ms (cache hit)
65 silly tarball no local data for tar@https://registry.npmjs.org/tar/-/tar-7.5.10.tgz. Extracting by manifest.
66 silly tarball no local data for supabase@https://registry.npmjs.org/supabase/-/supabase-2.76.17.tgz. Extracting by manifest.
67 silly tarball no local data for minipass@https://registry.npmjs.org/minipass/-/minipass-7.1.3.tgz. Extracting by manifest.
68 http fetch GET 200 https://registry.npmjs.org/supabase/-/supabase-2.76.17.tgz 68ms (cache miss)
69 http fetch GET 200 https://registry.npmjs.org/minipass/-/minipass-7.1.3.tgz 80ms (cache miss)
70 http fetch GET 200 https://registry.npmjs.org/tar/-/tar-7.5.10.tgz 134ms (cache miss)
71 info run supabase@2.76.17 postinstall node_modules/supabase node scripts/postinstall.js
72 info run supabase@2.76.17 postinstall { code: 0, signal: null }
73 verbose cwd /app
74 verbose os Linux 6.8.0-90-generic
75 verbose node v22.21.1
76 verbose npm  v10.9.4
77 verbose exit 0
78 info ok
