0 verbose cli /usr/local/bin/node /usr/local/lib/node_modules/npm/bin/npm-cli.js
1 info using npm@10.9.4
2 info using node@v22.21.1
3 silly config load:file:/usr/local/lib/node_modules/npm/npmrc
4 silly config load:file:/app/.npmrc
5 silly config load:file:/home/softgen/.npmrc
6 silly config load:file:/usr/local/etc/npmrc
7 verbose title npm exec supabase login --token sbp_oauth_abe715f857555664cf0567b3c962870b3a755579
8 verbose argv "exec" "--" "supabase" "login" "--token" "sbp_oauth_abe715f857555664cf0567b3c962870b3a755579"
9 verbose logfile logs-max:10 dir:/app/.npm-cache/_logs/2026-02-25T11_05_52_520Z-
10 verbose logfile /app/.npm-cache/_logs/2026-02-25T11_05_52_520Z-debug-0.log
11 silly logfile start cleaning logs, removing 1 files
12 silly logfile done cleaning log files
13 silly packumentCache heap:4345298944 maxSize:1086324736 maxEntrySize:543162368
14 http fetch GET 200 https://registry.npmjs.org/supabase 77ms (cache updated)
15 silly packumentCache heap:4345298944 maxSize:1086324736 maxEntrySize:543162368
16 silly packumentCache heap:4345298944 maxSize:1086324736 maxEntrySize:543162368
17 warn exec The following package was not found and will be installed: supabase@2.76.15
18 silly idealTree buildDeps
19 silly fetch manifest supabase@2.76.15
20 silly packumentCache full:https://registry.npmjs.org/supabase cache-miss
21 http fetch GET 200 https://registry.npmjs.org/supabase 120ms (cache updated)
22 silly packumentCache full:https://registry.npmjs.org/supabase set size:undefined disposed:false
23 silly placeDep ROOT supabase@2.76.15 REPLACE for:  want: 2.76.15
24 silly reify mark retired [
24 silly reify   '/app/.npm-cache/_npx/aa8e5c70f9d8d161/node_modules/supabase',
24 silly reify   '/app/.npm-cache/_npx/aa8e5c70f9d8d161/node_modules/.bin/supabase'
24 silly reify ]
25 silly reify moves {
25 silly reify   '/app/.npm-cache/_npx/aa8e5c70f9d8d161/node_modules/supabase': '/app/.npm-cache/_npx/aa8e5c70f9d8d161/node_modules/.supabase-GCPgKdWY',
25 silly reify   '/app/.npm-cache/_npx/aa8e5c70f9d8d161/node_modules/.bin/supabase': '/app/.npm-cache/_npx/aa8e5c70f9d8d161/node_modules/.bin/.supabase-Hzu8F54w'
25 silly reify }
26 http cache supabase@https://registry.npmjs.org/supabase/-/supabase-2.76.15.tgz 1ms (cache hit)
27 silly tarball no local data for supabase@https://registry.npmjs.org/supabase/-/supabase-2.76.15.tgz. Extracting by manifest.
28 http fetch GET 200 https://registry.npmjs.org/supabase/-/supabase-2.76.15.tgz 28ms (cache miss)
29 info run supabase@2.76.15 postinstall node_modules/supabase node scripts/postinstall.js
30 info run supabase@2.76.15 postinstall { code: 0, signal: null }
31 verbose cwd /app
32 verbose os Linux 6.8.0-90-generic
33 verbose node v22.21.1
34 verbose npm  v10.9.4
35 verbose exit 0
36 info ok
